checkpoint stgcn_ntu60.pth
  loaded          179 tensors
  new head        ['classifier.bias', 'classifier.weight']
  ignored         2 (e.g. ['cls_head.fc.weight', 'cls_head.fc.bias'])
  every parameter below the head came from the checkpoint

device mps | 771 trainable of 3,074,055 total | 10 of 10 blocks frozen
normalisation image | window 30 frames (2.0 s) | stride 5
1835 windows from 16 sessions
  squat    700 windows  6 sessions   38.1%
  lunge    570 windows  5 sessions   31.1%
  other    565 windows  5 sessions   30.8%

  ok lunge-20260924-185356        lunge  window acc  0.707  session vote lunge
  ok lunge-20260924-185516        lunge  window acc  0.867  session vote lunge
  XX lunge-20260924-185652        lunge  window acc  0.278  session vote squat
  ok lunge-20260924-191533        lunge  window acc  0.926  session vote lunge
  ok lunge-20260924-194729        lunge  window acc  0.825  session vote lunge
  ok other-20260924-191622        other  window acc  0.832  session vote other
  ok other-20260924-191711        other  window acc  0.762  session vote other
  ok other-20260924-191812        other  window acc  0.847  session vote other
  ok other-20260924-191910        other  window acc  0.723  session vote other
  ok other-20260924-194829        other  window acc  0.786  session vote other
  ok squat-20260924-184559        squat  window acc  0.659  session vote squat
  ok squat-20260924-184726        squat  window acc  0.766  session vote squat
  ok squat-20260924-184917        squat  window acc  0.816  session vote squat
  ok squat-20260924-185024        squat  window acc  0.738  session vote squat
  ok squat-20260924-185134        squat  window acc  0.766  session vote squat
  ok squat-20260924-185226        squat  window acc  0.785  session vote squat

actual\predicted     squat    lunge    other
squat                  526       99       75
lunge                   94      410       66
other                   42       78      445

class     precision   recall      f1  support
squat         0.795    0.751   0.772      700
lunge         0.698    0.719   0.709      570
other         0.759    0.788   0.773      565

accuracy 0.753   macro F1 0.751

session-level: 15/16 sessions correctly identified by majority vote
cross-validation took 561 s
results written to cv_freeze10.json
